
> dfashion-frontend@1.0.0 build
> ng build

Node.js version v25.8.2 detected.
Odd numbered Node.js versions will not enter LTS status and should not be used for production. For more information, please see https://nodejs.org/en/about/previous-releases/.
[1m[33m[baseline-browser-mapping] The data in this module is over two months old.  To ensure accurate Baseline data, please update: `npm i baseline-browser-mapping@latest -D`[39m[22m
- Generating browser application bundles (phase: setup)...
G£ö Browser application bundle generation complete.
G£ö Browser application bundle generation complete.
- Copying assets...
G£ö Copying assets complete.
- Generating index html...
G£ö Index html generation complete.

[1mInitial chunk files[22m          [2m | [22m[1mNames[22m                                                                       [2m | [22m [1mRaw size[22m[2m | [22m[1mEstimated transfer size[22m
[32mmain.548603f8ee89ba95.js[39m     [2m | [22m[2mmain[22m                                                                        [2m | [22m  [36m1.09 MB[39m[2m | [22m              [36m258.71 kB[39m
[32mstyles.5e6e3f977f8ae382.css[39m  [2m | [22m[2mstyles[22m                                                                      [2m | [22m  [36m1.01 MB[39m[2m | [22m              [36m102.90 kB[39m
[32mpolyfills.1831192427d5e772.js[39m[2m | [22m[2mpolyfills[22m                                                                   [2m | [22m [36m34.86 kB[39m[2m | [22m               [36m11.30 kB[39m
[32mruntime.957bb65ae6de06dd.js[39m  [2m | [22m[2mruntime[22m                                                                     [2m | [22m  [36m6.01 kB[39m[2m | [22m                [36m2.80 kB[39m

[1m [22m                            [2m | [22m[1mInitial total[22m                                                               [2m | [22m  [1m[93m2.14 MB[39m[22m[2m | [22m              [1m375.72 kB[22m

[1mLazy chunk files[22m             [2m | [22m[1mNames[22m                                                                       [2m | [22m [1mRaw size[22m[2m | [22m[1mEstimated transfer size[22m
[32m2636.cf3022a28ccd48a4.js[39m     [2m | [22m[2madmin-admin-module[22m                                                          [2m | [22m  [36m1.19 MB[39m[2m | [22m              [36m169.32 kB[39m
[32m3968.51d0f31cd2e2ed8f.js[39m     [2m | [22m[2mpages-home-home-component[22m                                                   [2m | [22m[36m182.80 kB[39m[2m | [22m               [36m24.99 kB[39m
[32m4505.5890f11eebe74332.js[39m     [2m | [22m[2menduser-app-features-user-dashboard-user-dashboard-component[22m                [2m | [22m [36m89.59 kB[39m[2m | [22m               [36m18.35 kB[39m
[32m4805.be98532d33f21eff.js[39m     [2m | [22m[2mauth-auth-module[22m                                                            [2m | [22m [36m82.60 kB[39m[2m | [22m               [36m12.53 kB[39m
[32m2114.b50b3c3502d63f42.js[39m     [2m | [22m[2mpages-search-search-component[22m                                               [2m | [22m [36m75.42 kB[39m[2m | [22m               [36m13.64 kB[39m
[32m2885.04722fb6c0001802.js[39m     [2m | [22m[2m-[22m                                                                           [2m | [22m [36m74.44 kB[39m[2m | [22m               [36m14.21 kB[39m
[32m2228.a7445d208d7b3bca.js[39m     [2m | [22m[2mbootstrap[22m                                                                   [2m | [22m [36m61.13 kB[39m[2m | [22m               [36m15.40 kB[39m
[32m3506.3e854f14fdbb178f.js[39m     [2m | [22m[2m-[22m                                                                           [2m | [22m [36m55.97 kB[39m[2m | [22m                [36m7.44 kB[39m
[32m2348.4692ce07c990899f.js[39m     [2m | [22m[2m-[22m                                                                           [2m | [22m [36m48.08 kB[39m[2m | [22m                [36m6.00 kB[39m
[32m7076.3b3a0eb3a282efc7.js[39m     [2m | [22m[2m-[22m                                                                           [2m | [22m [36m43.34 kB[39m[2m | [22m                [36m7.45 kB[39m
[32m9344.bf21a73602158258.js[39m     [2m | [22m[2m-[22m                                                                           [2m | [22m [36m41.99 kB[39m[2m | [22m                [36m5.96 kB[39m
[32m7720.93bbb580728fa5b5.js[39m     [2m | [22m[2m-[22m                                                                           [2m | [22m [36m41.95 kB[39m[2m | [22m                [36m9.49 kB[39m
[32m2909.9d6312dce9a90142.js[39m     [2m | [22m[2menduser-app-features-user-dashboard-user-dashboard-component[22m                [2m | [22m [36m38.06 kB[39m[2m | [22m                [36m6.48 kB[39m
[32m441.fbda056a20310e09.js[39m      [2m | [22m[2m-[22m                                                                           [2m | [22m [36m36.52 kB[39m[2m | [22m                [36m8.66 kB[39m
[32mcommon.f98cbab544271547.js[39m   [2m | [22m[2mcommon[22m                                                                      [2m | [22m [36m36.30 kB[39m[2m | [22m                [36m9.48 kB[39m
[32m5222.e22cc785e8b202d2.js[39m     [2m | [22m[2m-[22m                                                                           [2m | [22m [36m35.99 kB[39m[2m | [22m                [36m6.57 kB[39m
[32m1214.1acfcd18a70dcd85.js[39m     [2m | [22m[2mwishlist-wishlist-component[22m                                                 [2m | [22m [36m33.39 kB[39m[2m | [22m                [36m6.69 kB[39m
[32m2560.dfb3a8e4f280f0f9.js[39m     [2m | [22m[2m-[22m                                                                           [2m | [22m [36m30.01 kB[39m[2m | [22m                [36m5.75 kB[39m
[32m8477.db48f5c51ca64853.js[39m     [2m | [22m[2m-[22m                                                                           [2m | [22m [36m29.63 kB[39m[2m | [22m                [36m5.86 kB[39m
[32m8541.93c1d096b5683fdd.js[39m     [2m | [22m[2mpages-cart-cart-component[22m                                                   [2m | [22m [36m28.90 kB[39m[2m | [22m                [36m6.16 kB[39m
[32m4591.27091922c9c936d9.js[39m     [2m | [22m[2m-[22m                                                                           [2m | [22m [36m28.55 kB[39m[2m | [22m                [36m5.78 kB[39m
[32m5664.17420cb6dbc32a43.js[39m     [2m | [22m[2mpages-profile-profile-component[22m                                             [2m | [22m [36m25.83 kB[39m[2m | [22m                [36m6.92 kB[39m
[32m8116.f154d85f06a75ead.js[39m     [2m | [22m[2menduser-app-features-home-components-stories-story-tray-story-tray-component[22m[2m | [22m [36m25.03 kB[39m[2m | [22m                [36m5.87 kB[39m
[32m5197.8887c1d994d6446f.js[39m     [2m | [22m[2m-[22m                                                                           [2m | [22m [36m25.02 kB[39m[2m | [22m                [36m5.30 kB[39m
[32m2075.27b12128d8ae7345.js[39m     [2m | [22m[2m-[22m                                                                           [2m | [22m [36m24.41 kB[39m[2m | [22m                [36m5.35 kB[39m
[32m8193.8eb3020a83b9ab51.js[39m     [2m | [22m[2m-[22m                                                                           [2m | [22m [36m24.23 kB[39m[2m | [22m                [36m4.40 kB[39m
[32m6433.0c5d57172d671cc4.js[39m     [2m | [22m[2m-[22m                                                                           [2m | [22m [36m23.99 kB[39m[2m | [22m                [36m6.01 kB[39m
[32m3814.54d6ca6c11ac34ea.js[39m     [2m | [22m[2m-[22m                                                                           [2m | [22m [36m23.30 kB[39m[2m | [22m                [36m4.00 kB[39m
[32m8814.337a77589b8a6a23.js[39m     [2m | [22m[2m-[22m                                                                           [2m | [22m [36m23.10 kB[39m[2m | [22m                [36m4.36 kB[39m
[32m7676.4e69fc55aa94c89d.js[39m     [2m | [22m[2m-[22m                                                                           [2m | [22m [36m22.53 kB[39m[2m | [22m                [36m4.39 kB[39m
[32m2801.1b8e29f0bda099d4.js[39m     [2m | [22m[2mshop-component[22m                                                              [2m | [22m [36m22.49 kB[39m[2m | [22m                [36m4.40 kB[39m
[32m4463.1dee1c4b39791409.js[39m     [2m | [22m[2m-[22m                                                                           [2m | [22m [36m22.13 kB[39m[2m | [22m                [36m3.84 kB[39m
[32m5949.3d60fc1b906319b5.js[39m     [2m | [22m[2m-[22m                                                                           [2m | [22m [36m20.80 kB[39m[2m | [22m                [36m4.18 kB[39m
[32m2415.cbcd6760eeb2c428.js[39m     [2m | [22m[2m-[22m                                                                           [2m | [22m [36m19.98 kB[39m[2m | [22m                [36m5.05 kB[39m
[32m9977.21f0d479ef0f2ad5.js[39m     [2m | [22m[2m-[22m                                                                           [2m | [22m [36m19.57 kB[39m[2m | [22m                [36m1.97 kB[39m
[32m8066.3a8fa5b19c4cb660.js[39m     [2m | [22m[2m-[22m                                                                           [2m | [22m [36m19.13 kB[39m[2m | [22m                [36m3.66 kB[39m
[32m4406.3167910bb348b6e7.js[39m     [2m | [22m[2m-[22m                                                                           [2m | [22m [36m18.93 kB[39m[2m | [22m                [36m3.37 kB[39m
[32m3511.d84e957ad4123f20.js[39m     [2m | [22m[2m-[22m                                                                           [2m | [22m [36m17.29 kB[39m[2m | [22m                [36m3.07 kB[39m
[32m4301.678f6b2e99f966e6.js[39m     [2m | [22m[2menduser-app-features-category-category-component[22m                            [2m | [22m [36m15.77 kB[39m[2m | [22m                [36m4.05 kB[39m
[32m8314.96ca592e9f4d2a78.js[39m     [2m | [22m[2m-[22m                                                                           [2m | [22m [36m14.77 kB[39m[2m | [22m                [36m3.09 kB[39m
[32m6190.729b7f42bfa4aab7.js[39m     [2m | [22m[2mpages-settings-settings-component[22m                                           [2m | [22m [36m14.69 kB[39m[2m | [22m                [36m3.28 kB[39m
[32m9008.9e4b7b8965ea1ec5.js[39m     [2m | [22m[2m-[22m                                                                           [2m | [22m [36m13.67 kB[39m[2m | [22m                [36m4.47 kB[39m
[32m4411.d92740c356a5ef9c.js[39m     [2m | [22m[2menduser-app-features-vendor-pages-dashboard-vendor-dashboard-component[22m      [2m | [22m [36m13.33 kB[39m[2m | [22m                [36m3.38 kB[39m
[32m3162.33772d4d506233b0.js[39m     [2m | [22m[2m-[22m                                                                           [2m | [22m [36m12.24 kB[39m[2m | [22m                [36m2.48 kB[39m
[32m5712.a2650f92325759aa.js[39m     [2m | [22m[2m-[22m                                                                           [2m | [22m [36m12.08 kB[39m[2m | [22m                [36m3.85 kB[39m
[32m2375.7b977ffdccddbf40.js[39m     [2m | [22m[2m-[22m                                                                           [2m | [22m [36m11.76 kB[39m[2m | [22m                [36m3.03 kB[39m
[32m8970.7eb1c6e9df6020f0.js[39m     [2m | [22m[2m-[22m                                                                           [2m | [22m [36m11.73 kB[39m[2m | [22m                [36m4.03 kB[39m
[32m8584.40fd6bd44666dadb.js[39m     [2m | [22m[2m-[22m                                                                           [2m | [22m [36m11.70 kB[39m[2m | [22m                [36m2.39 kB[39m
[32m6804.f2d368def0eee3e0.js[39m     [2m | [22m[2menduser-app-features-explore-explore-component[22m                              [2m | [22m [36m11.56 kB[39m[2m | [22m                [36m3.04 kB[39m
[32m7493.ec697f057a519311.js[39m     [2m | [22m[2mpages-checkout-checkout-component[22m                                           [2m | [22m [36m10.90 kB[39m[2m | [22m                [36m2.56 kB[39m
[32m4699.f92756e9ca5073e7.js[39m     [2m | [22m[2mios-transition-js[22m                                                           [2m | [22m [36m10.59 kB[39m[2m | [22m                [36m2.72 kB[39m
[32m6840.230f2326dcf90a72.js[39m     [2m | [22m[2m-[22m                                                                           [2m | [22m [36m10.26 kB[39m[2m | [22m                [36m2.32 kB[39m
[32m7372.44ef4f1ad9ff0ceb.js[39m     [2m | [22m[2m-[22m                                                                           [2m | [22m  [36m9.95 kB[39m[2m | [22m                [36m2.66 kB[39m
[32m1459.7cd6754e51760c05.js[39m     [2m | [22m[2m-[22m                                                                           [2m | [22m  [36m9.69 kB[39m[2m | [22m                [36m3.14 kB[39m
[32m5100.df0ec7ace2c4f6da.js[39m     [2m | [22m[2m-[22m                                                                           [2m | [22m  [36m8.67 kB[39m[2m | [22m                [36m1.46 kB[39m
[32m3854.8def6582edf5a00c.js[39m     [2m | [22m[2mpages-support-creator-support-component[22m                                     [2m | [22m  [36m8.19 kB[39m[2m | [22m                [36m2.08 kB[39m
[32m6097.33aec5c0d56cb077.js[39m     [2m | [22m[2mpages-reviews-reported-reviews-component[22m                                    [2m | [22m  [36m8.05 kB[39m[2m | [22m                [36m2.39 kB[39m
[32m9208.a7b8f6880bc50f20.js[39m     [2m | [22m[2mpages-reviews-review-disputes-component[22m                                     [2m | [22m  [36m7.97 kB[39m[2m | [22m                [36m2.37 kB[39m
[32m3189.b6901335c3e69024.js[39m     [2m | [22m[2mpages-reviews-creator-ratings-component[22m                                     [2m | [22m  [36m7.85 kB[39m[2m | [22m                [36m2.37 kB[39m
[32m1359.4d8d574bc998fbd8.js[39m     [2m | [22m[2mpages-ai-automation-trend-analysis-component[22m                                [2m | [22m  [36m7.63 kB[39m[2m | [22m                [36m2.02 kB[39m
[32m5689.93dd3dd9d92d8e9e.js[39m     [2m | [22m[2mpages-category-category-component[22m                                           [2m | [22m  [36m7.47 kB[39m[2m | [22m                [36m2.25 kB[39m
[32m9097.b7743d8e62a32522.js[39m     [2m | [22m[2mpages-reviews-product-reviews-component[22m                                     [2m | [22m  [36m7.47 kB[39m[2m | [22m                [36m2.31 kB[39m
[32m6024.8118c43cc91b04c3.js[39m     [2m | [22m[2m-[22m                                                                           [2m | [22m  [36m7.25 kB[39m[2m | [22m                [36m1.34 kB[39m
[32m7428.5588eabdaa36771c.js[39m     [2m | [22m[2m-[22m                                                                           [2m | [22m  [36m7.12 kB[39m[2m | [22m                [36m2.16 kB[39m
[32m8736.0c7e98579624cbe5.js[39m     [2m | [22m[2mpages-payments-payment-transactions-component[22m                               [2m | [22m  [36m6.90 kB[39m[2m | [22m                [36m2.02 kB[39m
[32m1326.e73a6acec238fece.js[39m     [2m | [22m[2mpages-support-customer-support-component[22m                                    [2m | [22m  [36m6.73 kB[39m[2m | [22m                [36m1.86 kB[39m
[32m1303.db33a47ed2cc5de8.js[39m     [2m | [22m[2mpages-ai-automation-content-moderation-component[22m                            [2m | [22m  [36m6.67 kB[39m[2m | [22m                [36m1.94 kB[39m
[32m6746.ae5ce9b87dfb1f4c.js[39m     [2m | [22m[2mpages-orders-invoices-component[22m                                             [2m | [22m  [36m6.66 kB[39m[2m | [22m                [36m1.91 kB[39m
[32m609.28c27d34dba77180.js[39m      [2m | [22m[2mpages-ai-automation-recommendations-component[22m                               [2m | [22m  [36m6.59 kB[39m[2m | [22m                [36m1.90 kB[39m
[32m8805.ffe8f331d1846b87.js[39m     [2m | [22m[2m-[22m                                                                           [2m | [22m  [36m6.39 kB[39m[2m | [22m                [36m1.59 kB[39m
[32m1819.0327a527fd683751.js[39m     [2m | [22m[2mpages-orders-completed-orders-component[22m                                     [2m | [22m  [36m6.34 kB[39m[2m | [22m                [36m2.11 kB[39m
[32m8669.72a4d958df7c6598.js[39m     [2m | [22m[2mpages-orders-cancelled-orders-component[22m                                     [2m | [22m  [36m6.34 kB[39m[2m | [22m                [36m2.13 kB[39m
[32m4171.ef75f126f9efab24.js[39m     [2m | [22m[2m-[22m                                                                           [2m | [22m  [36m6.21 kB[39m[2m | [22m                [36m1.56 kB[39m
[32m7030.20ea195d9b871d74.js[39m     [2m | [22m[2m-[22m                                                                           [2m | [22m  [36m6.08 kB[39m[2m | [22m                [36m2.10 kB[39m
[32m6647.5264bcd9645d85db.js[39m     [2m | [22m[2mpages-support-support-tickets-component[22m                                     [2m | [22m  [36m6.05 kB[39m[2m | [22m                [36m1.68 kB[39m
[32m7149.c73c54c89d00c008.js[39m     [2m | [22m[2mpages-support-seller-support-component[22m                                      [2m | [22m  [36m5.97 kB[39m[2m | [22m                [36m1.65 kB[39m
[32m770.07283b147213fc70.js[39m      [2m | [22m[2m-[22m                                                                           [2m | [22m  [36m5.79 kB[39m[2m | [22m                [36m1.76 kB[39m
[32m4630.465caf8d6dc60516.js[39m     [2m | [22m[2mios-transition-js[22m                                                           [2m | [22m  [36m5.37 kB[39m[2m | [22m                [36m2.11 kB[39m
[32m5127.21c4314c81168533.js[39m     [2m | [22m[2minput-shims-C4KDnhxb-js[22m                                                     [2m | [22m  [36m5.26 kB[39m[2m | [22m                [36m2.00 kB[39m
[32m640.53735ac5b9056041.js[39m      [2m | [22m[2mpages-ai-automation-chatbot-settings-component[22m                              [2m | [22m  [36m4.97 kB[39m[2m | [22m                [36m1.64 kB[39m
[32m6047.42bc5244b5f4f45a.js[39m     [2m | [22m[2mpages-security-privacy-compliance-component[22m                                 [2m | [22m  [36m4.71 kB[39m[2m | [22m                [36m1.45 kB[39m
[32m4031.017c778d9f6e9afc.js[39m     [2m | [22m[2mpages-security-session-management-component[22m                                 [2m | [22m  [36m4.62 kB[39m[2m | [22m                [36m1.45 kB[39m
[32m2.fc2dc704817816a9.js[39m        [2m | [22m[2mpages-security-audit-logs-component[22m                                         [2m | [22m  [36m4.62 kB[39m[2m | [22m                [36m1.38 kB[39m
[32m1102.94a5d6c0ac17c605.js[39m     [2m | [22m[2m-[22m                                                                           [2m | [22m  [36m4.53 kB[39m[2m | [22m                [36m1.64 kB[39m
[32m1049.c90929e7ed3c5d92.js[39m     [2m | [22m[2m-[22m                                                                           [2m | [22m  [36m4.25 kB[39m[2m | [22m                [36m1.17 kB[39m
[32m6646.a42db3ee1c2c1f01.js[39m     [2m | [22m[2mpages-social-social-comment-moderation-component[22m                            [2m | [22m  [36m3.94 kB[39m[2m | [22m                [36m1.42 kB[39m
[32m4855.0805aab53ab49651.js[39m     [2m | [22m[2menduser-app-features-shop-pages-product-detail-product-detail-component[22m     [2m | [22m  [36m3.90 kB[39m[2m | [22m                [36m1.36 kB[39m
[32m8341.24969ba9c2f3661f.js[39m     [2m | [22m[2mpages-social-social-posts-component[22m                                         [2m | [22m  [36m3.87 kB[39m[2m | [22m                [36m1.39 kB[39m
[32m4414.878e4018d3e9664c.js[39m     [2m | [22m[2mpages-social-social-videos-component[22m                                        [2m | [22m  [36m3.86 kB[39m[2m | [22m                [36m1.39 kB[39m
[32m319.e41cce89889cf590.js[39m      [2m | [22m[2mpages-social-social-hashtags-component[22m                                      [2m | [22m  [36m3.59 kB[39m[2m | [22m                [36m1.26 kB[39m
[32m5887.6cbe461df8dd11ee.js[39m     [2m | [22m[2m-[22m                                                                           [2m | [22m  [36m3.39 kB[39m[2m | [22m                [36m1.14 kB[39m
[32m1175.f09ed6c8007a98f4.js[39m     [2m | [22m[2mpages-security-authentication-settings-component[22m                            [2m | [22m  [36m3.38 kB[39m[2m | [22m                [36m1.21 kB[39m
[32m2617.da33b25aeadbbe65.js[39m     [2m | [22m[2mpages-social-social-reported-content-component[22m                              [2m | [22m  [36m3.25 kB[39m[2m | [22m                [36m1.23 kB[39m
[32m9865.e6a7aa3c7472ecbb.js[39m     [2m | [22m[2mpages-social-social-tagged-products-component[22m                               [2m | [22m  [36m3.23 kB[39m[2m | [22m                [36m1.20 kB[39m
[32m964.e0eaf35dc4c021c8.js[39m      [2m | [22m[2m-[22m                                                                           [2m | [22m  [36m3.20 kB[39m[2m | [22m              [36m974 bytes[39m
[32m9013.f91a279443847a80.js[39m     [2m | [22m[2m-[22m                                                                           [2m | [22m  [36m2.99 kB[39m[2m | [22m                [36m1.08 kB[39m
[32m323.d811f810336bc346.js[39m      [2m | [22m[2m-[22m                                                                           [2m | [22m  [36m2.63 kB[39m[2m | [22m              [36m888 bytes[39m
[32m6521.b5577d174d74ecb3.js[39m     [2m | [22m[2m-[22m                                                                           [2m | [22m  [36m2.27 kB[39m[2m | [22m                [36m1.09 kB[39m
[32m8961.ab49f804cfc395eb.js[39m     [2m | [22m[2mpages-payments-payment-methods-component[22m                                    [2m | [22m  [36m1.80 kB[39m[2m | [22m              [36m723 bytes[39m
[32m4183.1d67e16ec33e6b82.js[39m     [2m | [22m[2m-[22m                                                                           [2m | [22m  [36m1.80 kB[39m[2m | [22m              [36m741 bytes[39m
[32m1090.3f326b6ad268b4bc.js[39m     [2m | [22m[2mpages-payments-refund-management-component[22m                                  [2m | [22m  [36m1.79 kB[39m[2m | [22m              [36m721 bytes[39m
[32m3958.7597a82b58190329.js[39m     [2m | [22m[2mpages-payments-wallet-cod-component[22m                                         [2m | [22m  [36m1.77 kB[39m[2m | [22m              [36m713 bytes[39m
[32m1693.8bab7a2f2dc10f66.js[39m     [2m | [22m[2mpages-payments-seller-payouts-component[22m                                     [2m | [22m  [36m1.75 kB[39m[2m | [22m              [36m709 bytes[39m
[32m7029.6b4b44d23e608498.js[39m     [2m | [22m[2mpages-orders-pending-orders-component[22m                                       [2m | [22m  [36m1.73 kB[39m[2m | [22m              [36m717 bytes[39m
[32m4004.b2f4431308ef1670.js[39m     [2m | [22m[2mindex-C6WeRr09-js[22m                                                           [2m | [22m  [36m1.69 kB[39m[2m | [22m              [36m770 bytes[39m
[32m7240.8f1a511cc3fe5f24.js[39m     [2m | [22m[2m-[22m                                                                           [2m | [22m  [36m1.45 kB[39m[2m | [22m              [36m502 bytes[39m
[32m1978.eabd620b867097fd.js[39m     [2m | [22m[2mpages-reports-social-engagement-report-component[22m                            [2m | [22m  [36m1.24 kB[39m[2m | [22m              [36m580 bytes[39m
[32m9472.fb6f624f3bce7d02.js[39m     [2m | [22m[2mpages-reports-creator-performance-report-component[22m                          [2m | [22m  [36m1.24 kB[39m[2m | [22m              [36m576 bytes[39m
[32m5081.7d505c24d9c75bb6.js[39m     [2m | [22m[2mpages-reports-product-performance-report-component[22m                          [2m | [22m  [36m1.24 kB[39m[2m | [22m              [36m579 bytes[39m
[32m9829.0e2a578341d335e4.js[39m     [2m | [22m[2mpages-users-creator-verification-component[22m                                  [2m | [22m  [36m1.22 kB[39m[2m | [22m              [36m571 bytes[39m
[32m8717.d085eeb6c5115eee.js[39m     [2m | [22m[2mpages-reports-user-behavior-report-component[22m                                [2m | [22m  [36m1.22 kB[39m[2m | [22m              [36m575 bytes[39m
[32m5605.6aa83233821e3a54.js[39m     [2m | [22m[2mpages-live-commerce-live-chat-moderation-component[22m                          [2m | [22m  [36m1.21 kB[39m[2m | [22m              [36m583 bytes[39m
[32m9812.71372b254cc836bc.js[39m     [2m | [22m[2mpages-live-commerce-live-analytics-component[22m                                [2m | [22m  [36m1.21 kB[39m[2m | [22m              [36m571 bytes[39m
[32m1717.1efc6c0686d8125f.js[39m     [2m | [22m[2mpages-users-creator-sponsored-component[22m                                     [2m | [22m  [36m1.21 kB[39m[2m | [22m              [36m562 bytes[39m
[32m5769.1ba2dceb9ed0c3f0.js[39m     [2m | [22m[2mpages-live-commerce-live-pinned-products-component[22m                          [2m | [22m  [36m1.21 kB[39m[2m | [22m              [36m574 bytes[39m
[32m752.f8bb205eb75e6c8e.js[39m      [2m | [22m[2mpages-marketing-push-notifications-component[22m                                [2m | [22m  [36m1.20 kB[39m[2m | [22m              [36m564 bytes[39m
[32m4285.6f508c82e2534b8f.js[39m     [2m | [22m[2mpages-live-commerce-live-streams-component[22m                                  [2m | [22m  [36m1.20 kB[39m[2m | [22m              [36m569 bytes[39m
[32m5728.035ed147357bf1f8.js[39m     [2m | [22m[2mpages-users-creator-commissions-component[22m                                   [2m | [22m  [36m1.20 kB[39m[2m | [22m              [36m572 bytes[39m
[32m9274.d6e3d1944e743a41.js[39m     [2m | [22m[2mpages-users-creator-analytics-component[22m                                     [2m | [22m  [36m1.20 kB[39m[2m | [22m              [36m570 bytes[39m
[32m6973.e58dc3ea5d78beef.js[39m     [2m | [22m[2mpages-users-creator-affiliate-component[22m                                     [2m | [22m  [36m1.20 kB[39m[2m | [22m              [36m564 bytes[39m
[32m7782.1f984b15656752f5.js[39m     [2m | [22m[2mpages-reports-sales-reports-component[22m                                       [2m | [22m  [36m1.19 kB[39m[2m | [22m              [36m564 bytes[39m
[32m953.4dbb95781fd989aa.js[39m      [2m | [22m[2mpages-live-commerce-live-schedule-component[22m                                 [2m | [22m  [36m1.19 kB[39m[2m | [22m              [36m564 bytes[39m
[1m[33m
Warning: [96msrc/app/enduser-app/features/home/pages/home/home.component.ts[0m:[93m30[0m:[93m9[0m - [93mwarning[0m[90m NG8113: [0mViewStoriesComponent is not used within the template of HomeComponent
System.Management.Automation.RemoteException
[7m30[0m         ViewStoriesComponent,
[7m  [0m [93m        ~~~~~~~~~~~~~~~~~~~~[0m
System.Management.Automation.RemoteException
System.Management.Automation.RemoteException
Warning: bundle initial exceeded maximum budget. Budget 2.00 MB was not met by 140.11 kB with a total of 2.14 MB.
System.Management.Automation.RemoteException
[39m[22m
[32m7401.c636c194605abf2e.js[39m     [2m | [22m[2mpages-cms-help-center-component[22m                                             [2m | [22m  [36m1.19 kB[39m[2m | [22m              [36m568 bytes[39m
[32m7469.377d06c7a404c872.js[39m     [2m | [22m[2mpages-live-commerce-live-orders-component[22m                                   [2m | [22m  [36m1.19 kB[39m[2m | [22m              [36m569 bytes[39m
[32m6611.d5258f0fb2beff90.js[39m     [2m | [22m[2mpages-marketing-email-sms-component[22m                                         [2m | [22m  [36m1.18 kB[39m[2m | [22m              [36m567 bytes[39m
[32m5408.5eaae95cb31aa112.js[39m     [2m | [22m[2mpages-marketing-flash-sales-component[22m                                       [2m | [22m  [36m1.18 kB[39m[2m | [22m              [36m571 bytes[39m
[32m1577.7b8147203b7e16df.js[39m     [2m | [22m[2m-[22m                                                                           [2m | [22m  [36m1.14 kB[39m[2m | [22m              [36m630 bytes[39m
[32m7179.f0d99897151a7d49.js[39m     [2m | [22m[2mmd-transition-js[22m                                                            [2m | [22m  [36m1.10 kB[39m[2m | [22m              [36m512 bytes[39m
[32m7134.02aebf0ec2deb814.js[39m     [2m | [22m[2menduser-app-features-shop-shop-routes[22m                                       [2m | [22m[36m789 bytes[39m[2m | [22m              [36m288 bytes[39m
[32m9073.98e7c93afbf50f09.js[39m     [2m | [22m[2m-[22m                                                                           [2m | [22m[36m620 bytes[39m[2m | [22m              [36m356 bytes[39m
[32m5168.82d93663b749d75c.js[39m     [2m | [22m[2mstatus-tap-pATNXEtr-js[22m                                                      [2m | [22m[36m557 bytes[39m[2m | [22m              [36m336 bytes[39m
[32m4616.e26c67f6cb8f10c6.js[39m     [2m | [22m[2menduser-app-features-profile-profile-routes[22m                                 [2m | [22m[36m480 bytes[39m[2m | [22m              [36m242 bytes[39m
[32m8196.71f49a3bab3c8426.js[39m     [2m | [22m[2menduser-app-features-home-home-routes[22m                                       [2m | [22m[36m284 bytes[39m[2m | [22m              [36m187 bytes[39m
[32m8990.f83aff2491802a7b.js[39m     [2m | [22m[2menduser-app-features-search-search-routes[22m                                   [2m | [22m[36m278 bytes[39m[2m | [22m              [36m185 bytes[39m

Build at: 2026-04-06T18:08:05.848Z - Hash: 94c195924e933225 - Time: 59075ms
